package stockquotesoapbinding

import (
	"encoding/xml"

	"github.com/cjqpker/wsdl2go/soap"
)

// Namespace was auto-generated from WSDL.
var Namespace = "http://example.com/stockquote.wsdl"

// NewStockQuotePortType creates an initializes a StockQuotePortType.
func NewStockQuotePortType(cli *soap.Client) StockQuotePortType {
	return &stockQuotePortType{cli}
}

// StockQuotePortType was auto-generated from WSDL
// and defines interface for the remote service. Useful for testing.
type StockQuotePortType interface {
	// DestroySession was auto-generated from WSDL.
	DestroySession(α *DestroySessionRequest) (β *DestroySessionResponse, err error)

	// GetLastTradePrice was auto-generated from WSDL.
	GetLastTradePrice(α *TradePriceRequest) (β *TradePrice, err error)

	// GetSession was auto-generated from WSDL.
	GetSession(α *GetSessionRequest) (β *GetSessionResponse, err error)
}

// DestroySessionRequest was auto-generated from WSDL.
type DestroySessionRequest struct {
	XMLName   xml.Name `xml:"http://example.com/stockquote.wsdl DestroySessionRequest" json:"-" yaml:"-"`
	SessionId *string  `xml:"sessionId,omitempty" json:"sessionId,omitempty" yaml:"sessionId,omitempty"`
}

// DestroySessionResponse was auto-generated from WSDL.
type DestroySessionResponse struct {
}

// GetSessionRequest was auto-generated from WSDL.
type GetSessionRequest struct {
	XMLName xml.Name `xml:"http://example.com/stockquote.wsdl GetSessionRequest" json:"-" yaml:"-"`
}

// GetSessionResponse was auto-generated from WSDL.
type GetSessionResponse struct {
	SessionId *string `xml:"sessionId,omitempty" json:"sessionId,omitempty" yaml:"sessionId,omitempty"`
}

// TradePrice was auto-generated from WSDL.
type TradePrice struct {
	Price *float64 `xml:"price,omitempty" json:"price,omitempty" yaml:"price,omitempty"`
}

// TradePriceRequest was auto-generated from WSDL.
type TradePriceRequest struct {
	XMLName      xml.Name `xml:"http://example.com/stockquote.wsdl TradePriceRequest" json:"-" yaml:"-"`
	TickerSymbol *string  `xml:"tickerSymbol,omitempty" json:"tickerSymbol,omitempty" yaml:"tickerSymbol,omitempty"`
}

// stockQuotePortType implements the StockQuotePortType interface.
type stockQuotePortType struct {
	cli *soap.Client
}

// DestroySession was auto-generated from WSDL.
func (p *stockQuotePortType) DestroySession(α *DestroySessionRequest) (β *DestroySessionResponse, err error) {
	γ := struct {
		XMLName xml.Name `xml:"Envelope"`
		Body    struct {
			M DestroySessionResponse `xml:"DestroySessionResponse"`
		}
	}{}
	if err = p.cli.RoundTripWithAction("http://example.com/DestroySession", α, &γ); err != nil {
		return nil, err
	}
	return &γ.Body.M, nil
}

// GetLastTradePrice was auto-generated from WSDL.
func (p *stockQuotePortType) GetLastTradePrice(α *TradePriceRequest) (β *TradePrice, err error) {
	γ := struct {
		XMLName xml.Name `xml:"Envelope"`
		Body    struct {
			M TradePrice `xml:"TradePrice"`
		}
	}{}
	if err = p.cli.RoundTripWithAction("http://example.com/GetLastTradePrice", α, &γ); err != nil {
		return nil, err
	}
	return &γ.Body.M, nil
}

// GetSession was auto-generated from WSDL.
func (p *stockQuotePortType) GetSession(α *GetSessionRequest) (β *GetSessionResponse, err error) {
	γ := struct {
		XMLName xml.Name `xml:"Envelope"`
		Body    struct {
			M GetSessionResponse `xml:"GetSessionResponse"`
		}
	}{}
	if err = p.cli.RoundTripWithAction("http://example.com/GetSession", α, &γ); err != nil {
		return nil, err
	}
	return &γ.Body.M, nil
}
